[a-cyberlife.netlify.app/index.html]
[backblue.gif]
[fade.gif]
[index.html]
[a-cyberlife.netlify.app/index-2.html]
[a-cyberlife.netlify.app/images/unknown (1).1.delayed]
[a-cyberlife.netlify.app/images/metacontent.2.delayed]
[a-cyberlife.netlify.app/maxcdn.bootstrapcdn.com/bootstrap/3.3.7/css/bootstrap.min.3.delayed]
[a-cyberlife.netlify.app/css/rawline.css]
[a-cyberlife.netlify.app/css2b9d3.5b9d3.delayed]
[a-cyberlife.netlify.app/css2-180d1.680d1.delayed]
[a-cyberlife.netlify.app/ajax/libs/font-awesome/6.0.0-beta2/css/all.min.7.delayed]
[a-cyberlife.netlify.app/assets/reset.8.delayed]
[a-cyberlife.netlify.app/assets/index.css]
[a-cyberlife.netlify.app/-.a.delayed]
[media.discordapp.net/attachments/960554644797550663/1097564268762759178/screenshot_012-szsncnw8_1a266.png]
[external.html]
[media.discordapp.net/attachments/960554644797550663/1097564268091670549/screenshot_015-ujsg4jjd_1d7c6.png]
[media.discordapp.net/attachments/960554644797550663/1097564382399045715/screenshot_013-kgsrwb5nd7c6.png]
[a-cyberlife.netlify.app/external.e4177.delayed]
[a-cyberlife.netlify.app/index.html]
[a-cyberlife.netlify.app/index-2.html]
[a-cyberlife.netlify.app/images/unknown (1).html]
[a-cyberlife.netlify.app/images/metacontent.html]
[a-cyberlife.netlify.app/maxcdn.bootstrapcdn.com/bootstrap/3.3.7/css/bootstrap.min.html]
[a-cyberlife.netlify.app/css/rawline.css]
[a-cyberlife.netlify.app/css2b9d3b9d3.html]
[a-cyberlife.netlify.app/css2-180d180d1.html]
[a-cyberlife.netlify.app/ajax/libs/font-awesome/6.0.0-beta2/css/all.min.html]
[a-cyberlife.netlify.app/assets/reset.html]
[media.discordapp.net/attachments/960554644797550663/1097564268385280182/screenshot_014-7jnvj92j_1d7c6.png]
[a-cyberlife.netlify.app/index-2.10.delayed]
[a-cyberlife.netlify.app/assets/index.css]
[a-cyberlife.netlify.app/-.html]
[a-cyberlife.netlify.app/external4177.html]
[a-cyberlife.netlify.app/index-3.html]
